V3 44
FL C:/nico/hackerspace/fpga/git/fpgaSynths/pokey/src/aaatop.vhd 2011/03/19.02:13:14 M.70d
EN work/aaatop 1300497275 \
      FL C:/nico/hackerspace/fpga/git/fpgaSynths/pokey/src/aaatop.vhd \
      PB ieee/std_logic_1164 1284609568 PB ieee/NUMERIC_STD 1284609569
AR work/aaatop/Behavioral 1300497276 \
      FL C:/nico/hackerspace/fpga/git/fpgaSynths/pokey/src/aaatop.vhd \
      EN work/aaatop 1300497275 CP work/wingbutled CP work/POKEY CP work/pokeyctrl \
      CP work/serctrl CP work/uart_rx
FL C:/nico/hackerspace/fpga/git/fpgaSynths/pokey/src/bbfifo_16x8.vhd 2003/12/03.15:53:56 M.70d
EN work/bbfifo_16x8 1300497263 \
      FL C:/nico/hackerspace/fpga/git/fpgaSynths/pokey/src/bbfifo_16x8.vhd \
      PB ieee/std_logic_1164 1284609568 PB ieee/std_logic_arith 1284609569 \
      PB ieee/STD_LOGIC_UNSIGNED 1284609570 LB unisim PH unisim/VCOMPONENTS 1284609568
AR work/bbfifo_16x8/low_level_definition 1300497264 \
      FL C:/nico/hackerspace/fpga/git/fpgaSynths/pokey/src/bbfifo_16x8.vhd \
      EN work/bbfifo_16x8 1300497263 CP string CP label CP SRL16E CP FDRE CP LUT4 \
      CP MUXCY CP XORCY CP FDR CP LUT3
FL C:/nico/hackerspace/fpga/git/fpgaSynths/pokey/src/kcuart_rx.vhd 2003/12/03.15:53:38 M.70d
EN work/kcuart_rx 1300497261 \
      FL C:/nico/hackerspace/fpga/git/fpgaSynths/pokey/src/kcuart_rx.vhd \
      PB ieee/std_logic_1164 1284609568 PB ieee/std_logic_arith 1284609569 \
      PB ieee/STD_LOGIC_UNSIGNED 1284609570 LB unisim PH unisim/VCOMPONENTS 1284609568
AR work/kcuart_rx/low_level_definition 1300497262 \
      FL C:/nico/hackerspace/fpga/git/fpgaSynths/pokey/src/kcuart_rx.vhd \
      EN work/kcuart_rx 1300497261 CP FD CP string CP label CP SRL16E CP FDE CP LUT4 \
      CP LUT3 CP LUT2
FL C:/nico/hackerspace/fpga/git/fpgaSynths/pokey/src/pokey.vhd 2011/03/13.01:15:30 M.70d
EN work/POKEY 1300497267 \
      FL C:/nico/hackerspace/fpga/git/fpgaSynths/pokey/src/pokey.vhd \
      PB ieee/std_logic_1164 1284609568 PB ieee/std_logic_arith 1284609569 \
      PB ieee/STD_LOGIC_UNSIGNED 1284609570
AR work/POKEY/RTL 1300497268 \
      FL C:/nico/hackerspace/fpga/git/fpgaSynths/pokey/src/pokey.vhd \
      EN work/POKEY 1300497267
FL C:/nico/hackerspace/fpga/git/fpgaSynths/pokey/src/pokeyctrl.vhd 2011/03/17.00:45:16 M.70d
EN work/pokeyctrl 1300497269 \
      FL C:/nico/hackerspace/fpga/git/fpgaSynths/pokey/src/pokeyctrl.vhd \
      PB ieee/std_logic_1164 1284609568 PB ieee/NUMERIC_STD 1284609569
AR work/pokeyctrl/Behavioral 1300497270 \
      FL C:/nico/hackerspace/fpga/git/fpgaSynths/pokey/src/pokeyctrl.vhd \
      EN work/pokeyctrl 1300497269
FL C:/nico/hackerspace/fpga/git/fpgaSynths/pokey/src/serctrl.vhd 2011/03/19.02:00:06 M.70d
EN work/serctrl 1300497271 \
      FL C:/nico/hackerspace/fpga/git/fpgaSynths/pokey/src/serctrl.vhd \
      PB ieee/std_logic_1164 1284609568 PB ieee/NUMERIC_STD 1284609569
AR work/serctrl/Behavioral 1300497272 \
      FL C:/nico/hackerspace/fpga/git/fpgaSynths/pokey/src/serctrl.vhd \
      EN work/serctrl 1300497271
FL C:/nico/hackerspace/fpga/git/fpgaSynths/pokey/src/uart_rx.vhd 2003/12/03.15:53:26 M.70d
EN work/uart_rx 1300497273 \
      FL C:/nico/hackerspace/fpga/git/fpgaSynths/pokey/src/uart_rx.vhd \
      PB ieee/std_logic_1164 1284609568 PB ieee/std_logic_arith 1284609569 \
      PB ieee/STD_LOGIC_UNSIGNED 1284609570 LB unisim PH unisim/VCOMPONENTS 1284609568
AR work/uart_rx/macro_level_definition 1300497274 \
      FL C:/nico/hackerspace/fpga/git/fpgaSynths/pokey/src/uart_rx.vhd \
      EN work/uart_rx 1300497273 CP kcuart_rx CP bbfifo_16x8
FL C:/nico/hackerspace/fpga/git/fpgaSynths/pokey/src/wingbutled.vhd 2011/03/13.01:15:30 M.70d
EN work/wingbutled 1300497265 \
      FL C:/nico/hackerspace/fpga/git/fpgaSynths/pokey/src/wingbutled.vhd \
      PB ieee/std_logic_1164 1284609568
AR work/wingbutled/Behavioral 1300497266 \
      FL C:/nico/hackerspace/fpga/git/fpgaSynths/pokey/src/wingbutled.vhd \
      EN work/wingbutled 1300497265
